Microchip MPLAB XC8 Compiler V2.31

Linker command line:

-W-3 --edf=C:\Program Files\Microchip\xc8\v2.31\pic\dat\en_msgs.txt -cn \
  -h+dist/default/production\2LAB2.X.production.sym \
  --cmf=dist/default/production\2LAB2.X.production.cmf -z -Q16F887 \
  -oC:\Users\gerar\AppData\Local\Temp\s1kc.2 --defsym=__MPLAB_BUILD=1 \
  -Mdist/default/production/2LAB2.X.production.map -E1 -ver=XC8 Compiler \
  --acfsm=1493 -ASTACK=0110h-016Fh -pstack=STACK -ACODE=00h-07FFhx4 \
  -ASTRCODE=00h-01FFFh -ASTRING=00h-0FFhx32 -ACONST=00h-0FFhx32 \
  -AENTRY=00h-0FFhx32 -ACOMMON=070h-07Fh -ABANK0=020h-06Fh \
  -ABANK1=0A0h-0EFh -ABANK2=0110h-016Fh -ABANK3=0190h-01EFh \
  -ARAM=020h-06Fh,0A0h-0EFh,0110h-016Fh,0190h-01EFh \
  -AABS1=020h-07Fh,0A0h-0EFh,0110h-016Fh,0190h-01EFh -ASFR0=00h-01Fh \
  -ASFR1=080h-09Fh -ASFR2=0100h-010Fh -ASFR3=0180h-018Fh \
  -ACONFIG=02007h-02008h -DCONFIG=2 -AIDLOC=02000h-02003h -DIDLOC=2 \
  -AEEDATA=00h-0FFh/02100h -peeprom_data=EEDATA -DEEDATA=2 -DCODE=2 \
  -DSTRCODE=2 -DSTRING=2 -DCONST=2 -DENTRY=2 \
  -preset_vec=00h,intentry=04h,init,end_init -ppowerup=CODE -pcinit=CODE \
  -pfunctab=ENTRY -k C:\Users\gerar\AppData\Local\Temp\s1kc.o \
  dist/default/production\2LAB2.X.production.o 

Object code version is 3.11

Machine type is 16F887



                Name                               Link     Load   Length Selector   Space Scale
C:\Users\gerar\AppData\Local\Temp\s1kc.o
                end_init                              C        C        3        8       0
                reset_vec                             0        0        3        0       0
                config                             2007     2007        2        0       4
dist/default/production\2LAB2.X.production.o
                cinit                                 F        F       16        8       0
                intentry                              4        4        8        8       0
                text1_split_1                        25       25      57C        8       0
                config                             2007     2007        2        0       4
                text40                             1A2A     1A2A       1C     3454       0
                text39                             1A63     1A63       1E     34C6       0
                text38                             1A46     1A46       1D     348C       0
                text37                             1B00     1B00       3E     3600       0
                text36                             19F5     19F5       1A     33EA       0
                text35                             10C7     10C7        D     218E       0
                text34                             1C0A     1C0A       4A     3814       0
                text33                             1AA2     1AA2       24     3544       0
                text32                             1A0F     1A0F       1B     341E       0
                text31                             1B7E     1B7E       46     36FC       0
                text30                             19DF     19DF       16     33BE       0
                text29                             1976     1976        8     32EC       0
                text28                             1986     1986        A     330C       0
                text27                             19B7     19B7       13     336E       0
                text26                             19CA     19CA       15     3394       0
                text25                              806      806       29     100C       0
                text24                              93C      93C      361     1278       0
                text23                             1F44     1F44       BC     3E88       0
                text22                             1B3E     1B3E       40     367C       0
                text21                             1990     1990        A     3320       0
                text20                             1A81     1A81       21     3502       0
                text19                             1C54     1C54       50     38A8       0
                text18                             1EA0     1EA0       A4     3D40       0
                text17                             199A     199A        B     3334       0
                text16                             1274     1274      288     24E8       0
                text15                              7AE      7AE       50        8       0
                text14                             1E24     1E24       7C     3C48       0
                text13                             1D53     1D53       68     3AA6       0
                text12                             1CA4     1CA4       56     3948       0
                text11                             10D4     10D4       25     21A8       0
                text10                             11B6     11B6       BE     236C       0
                text9                              10F9     10F9       BD     21F2       0
                text8                              1BC4     1BC4       46     3788       0
                text7                              1AC6     1AC6       3A     358C       0
                text6                               5A1      5A1      20D        8       0
                text5                              19A5     19A5       12     334A       0
                text4                              1DBB     1DBB       69     3B76       0
                text3                              1CFA     1CFA       59     39F4       0
                text2                               C9D      C9D      363     193A       0
                text1                              14FC     14FC      304     29F8       0
                maintext                            82F      82F      10D     105E       0
                cstackBANK0                          20       20       4F       20       1
                cstackCOMMON                         70       70        B       70       1
                cstackBANK1                          A0       A0       33       A0       1
                clrtext                            197E     197E        8     32FC       0
                bssBANK3                            190      190        A      190       1
                bssBANK1                             D3       D3       19       A0       1
                strings                            1000     1000       C7     2000       0

TOTAL           Name                               Link     Load   Length     Space
        CLASS   STACK          

        CLASS   CODE           
                end_init                              C        C        3         0
                cinit                                 F        F       16         0
                intentry                              4        4        8         0
                reset_vec                             0        0        3         0
                text1_split_1                        25       25      57C         0
                text40                             1A2A     1A2A       1C         0
                text39                             1A63     1A63       1E         0
                text38                             1A46     1A46       1D         0
                text37                             1B00     1B00       3E         0
                text36                             19F5     19F5       1A         0
                text35                             10C7     10C7        D         0
                text34                             1C0A     1C0A       4A         0
                text33                             1AA2     1AA2       24         0
                text32                             1A0F     1A0F       1B         0
                text31                             1B7E     1B7E       46         0
                text30                             19DF     19DF       16         0
                text29                             1976     1976        8         0
                text28                             1986     1986        A         0
                text27                             19B7     19B7       13         0
                text26                             19CA     19CA       15         0
                text25                              806      806       29         0
                text24                              93C      93C      361         0
                text23                             1F44     1F44       BC         0
                text22                             1B3E     1B3E       40         0
                text21                             1990     1990        A         0
                text20                             1A81     1A81       21         0
                text19                             1C54     1C54       50         0
                text18                             1EA0     1EA0       A4         0
                text17                             199A     199A        B         0
                text16                             1274     1274      288         0
                text15                              7AE      7AE       50         0
                text14                             1E24     1E24       7C         0
                text13                             1D53     1D53       68         0
                text12                             1CA4     1CA4       56         0
                text11                             10D4     10D4       25         0
                text10                             11B6     11B6       BE         0
                text9                              10F9     10F9       BD         0
                text8                              1BC4     1BC4       46         0
                text7                              1AC6     1AC6       3A         0
                text6                               5A1      5A1      20D         0
                text5                              19A5     19A5       12         0
                text4                              1DBB     1DBB       69         0
                text3                              1CFA     1CFA       59         0
                text2                               C9D      C9D      363         0
                text1                              14FC     14FC      304         0
                maintext                            82F      82F      10D         0
                clrtext                            197E     197E        8         0

        CLASS   STRCODE        

        CLASS   STRING         
                strings                            1000     1000       C7         0

        CLASS   CONST          

        CLASS   ENTRY          

        CLASS   COMMON         
                cstackCOMMON                         70       70        B         1

        CLASS   BANK0          
                cstackBANK0                          20       20       4F         1

        CLASS   BANK1          
                cstackBANK1                          A0       A0       33         1
                bssBANK1                             D3       D3       19         1

        CLASS   BANK2          

        CLASS   BANK3          
                bssBANK3                            190      190        A         1

        CLASS   RAM            

        CLASS   ABS1           
                abs_s1                               7E       7E        2         1

        CLASS   SFR0           

        CLASS   SFR1           

        CLASS   SFR2           

        CLASS   SFR3           

        CLASS   CONFIG         
                config                             2007     2007        2         4

        CLASS   IDLOC          

        CLASS   EEDATA         



SEGMENTS        Name                           Load    Length   Top    Selector   Space  Class     Delta

                reset_vec                      000000  000003  000003         0       0  CODE        2
                intentry                       000004  0007FA  0007FE         8       0  CODE        2
                cstackBANK0                    000020  00004F  00006F        20       1  BANK0       1
                cstackCOMMON                   000070  00000B  00007B        70       1  COMMON      1
                cstackBANK1                    0000A0  00004C  0000EC        A0       1  BANK1       1
                bssBANK3                       000190  00000A  00019A       190       1  BANK3       1
                text25                         000806  000029  00082F      100C       0  CODE        2
                maintext                       00082F  00010D  00093C      105E       0  CODE        2
                text24                         00093C  000361  000C9D      1278       0  CODE        2
                text2                          000C9D  000363  001000      193A       0  CODE        2
                strings                        001000  0000C7  0010C7      2000       0  STRING      2
                text35                         0010C7  00000D  0010D4      218E       0  CODE        2
                text11                         0010D4  000025  0010F9      21A8       0  CODE        2
                text9                          0010F9  0000BD  0011B6      21F2       0  CODE        2
                text10                         0011B6  0000BE  001274      236C       0  CODE        2
                text16                         001274  000288  0014FC      24E8       0  CODE        2
                text1                          0014FC  000304  001800      29F8       0  CODE        2
                text29                         001976  000008  00197E      32EC       0  CODE        2
                clrtext                        00197E  000008  001986      32FC       0  CODE        2
                text28                         001986  00000A  001990      330C       0  CODE        2
                text21                         001990  00000A  00199A      3320       0  CODE        2
                text17                         00199A  00000B  0019A5      3334       0  CODE        2
                text5                          0019A5  000012  0019B7      334A       0  CODE        2
                text27                         0019B7  000013  0019CA      336E       0  CODE        2
                text26                         0019CA  000015  0019DF      3394       0  CODE        2
                text30                         0019DF  000016  0019F5      33BE       0  CODE        2
                text36                         0019F5  00001A  001A0F      33EA       0  CODE        2
                text32                         001A0F  00001B  001A2A      341E       0  CODE        2
                text40                         001A2A  00001C  001A46      3454       0  CODE        2
                text38                         001A46  00001D  001A63      348C       0  CODE        2
                text39                         001A63  00001E  001A81      34C6       0  CODE        2
                text20                         001A81  000021  001AA2      3502       0  CODE        2
                text33                         001AA2  000024  001AC6      3544       0  CODE        2
                text7                          001AC6  00003A  001B00      358C       0  CODE        2
                text37                         001B00  00003E  001B3E      3600       0  CODE        2
                text22                         001B3E  000040  001B7E      367C       0  CODE        2
                text31                         001B7E  000046  001BC4      36FC       0  CODE        2
                text8                          001BC4  000046  001C0A      3788       0  CODE        2
                text34                         001C0A  00004A  001C54      3814       0  CODE        2
                text19                         001C54  000050  001CA4      38A8       0  CODE        2
                text12                         001CA4  000056  001CFA      3948       0  CODE        2
                text3                          001CFA  000059  001D53      39F4       0  CODE        2
                text13                         001D53  000068  001DBB      3AA6       0  CODE        2
                text4                          001DBB  000069  001E24      3B76       0  CODE        2
                text14                         001E24  00007C  001EA0      3C48       0  CODE        2
                text18                         001EA0  0000A4  001F44      3D40       0  CODE        2
                text23                         001F44  0000BC  002000      3E88       0  CODE        2


UNUSED ADDRESS RANGES

        Name                Unused          Largest block    Delta
        BANK0            0006F-0006F               1           1
        BANK1            000EC-000EF               4           1
        BANK2            00110-0016F              60           1
        BANK3            0019A-001EF              56           1
        CODE             00003-00003               1           2
                         007FE-00805               2
                         01800-01975             176
        COMMON           0007B-0007D               3           1
        CONST            00003-00003               1           2
                         007FE-00805               2
                         01800-01975             100
        EEDATA           02100-021FF             100           2
        ENTRY            00003-00003               1           2
                         007FE-00805               2
                         01800-01975             100
        IDLOC            02000-02003               4           2
        RAM              0006F-0006F               1           1
                         000EC-000EF               4
                         00110-0016F              60
                         0019A-001EF              56
        SFR0             00000-0001F              20           1
        SFR1             00080-0009F              20           1
        SFR2             00100-0010F              10           1
        SFR3             00180-0018F              10           1
        STACK            00110-0016F              60           1
        STRCODE          00003-00003               1           2
                         007FE-00805               8
                         01800-01975             176
        STRING           00003-00003               1           2
                         007FE-00805               2
                         01800-01975             100

                                  Symbol Table

?__Umul8_16                cstackCOMMON 00073
?___awdiv                  cstackBANK0  00020
?___awmod                  cstackCOMMON 00073
?___fladd                  cstackBANK0  00056
?___flmul                  cstackBANK0  00028
?___flneg                  cstackCOMMON 00073
?___flsub                  cstackBANK1  000A0
?___fltol                  cstackBANK0  00055
?___lldiv                  cstackCOMMON 00073
?___llmod                  cstackCOMMON 00073
?___lwdiv                  cstackBANK0  00020
?___lwmod                  cstackCOMMON 00073
?___wmul                   cstackCOMMON 00073
?___xxtofl                 cstackCOMMON 00073
?__div_to_l_               cstackCOMMON 00073
?__tdiv_to_l_              cstackCOMMON 00073
?_conv                     cstackBANK0  00042
?_fround                   cstackBANK0  00042
?_scale                    cstackBANK0  00042
?_sprintf                  cstackBANK1  000A8
Lcd_Cmd@a                  cstackCOMMON 00076
Lcd_Port@a                 cstackCOMMON 00073
Lcd_Set_Cursor@a           cstackCOMMON 00079
Lcd_Set_Cursor@b           cstackCOMMON 00077
Lcd_Set_Cursor@temp        cstackCOMMON 0007A
Lcd_Write_Char@a           cstackCOMMON 00075
Lcd_Write_String@a         cstackCOMMON 00076
Lcd_Write_String@i         cstackBANK0  00020
_ADCON0bits                (abs)        0001F
_ADCON1bits                (abs)        0009F
_ADRESH                    (abs)        0001E
_ANSEL                     (abs)        00188
_ANSELH                    (abs)        00189
_BAUDCTLbits               (abs)        00187
_INTCONbits                (abs)        0000B
_Lcd_Clear                 text35       010C7
_Lcd_Cmd                   text36       019F5
_Lcd_Init                  text34       01C0A
_Lcd_Port                  text37       01B00
_Lcd_Set_Cursor            text33       01AA2
_Lcd_Write_Char            text32       01A0F
_Lcd_Write_String          text31       01B7E
_OSCCONbits                (abs)        0008F
_PIE1bits                  (abs)        0008C
_PIR1bits                  (abs)        0000C
_PORTA                     (abs)        00005
_PORTCbits                 (abs)        00007
_RC1                       (abs)        00039
_RCREG                     (abs)        0001A
_RCSTAbits                 (abs)        00018
_RD0                       (abs)        00040
_RD1                       (abs)        00041
_RD2                       (abs)        00042
_RD3                       (abs)        00043
_RD4                       (abs)        00044
_RD5                       (abs)        00045
_RD6                       (abs)        00046
_RD7                       (abs)        00047
_SPBRG                     (abs)        00099
_SPBRGH                    (abs)        0009A
_TRISA                     (abs)        00085
_TRISB                     (abs)        00086
_TRISCbits                 (abs)        00087
_TRISD                     (abs)        00088
_TRISE                     (abs)        00089
_TXIF                      (abs)        00064
_TXREG                     (abs)        00019
_TXSTAbits                 (abs)        00098
_V1                        bssBANK1     000E1
_V2                        bssBANK1     000E0
_V3                        bssBANK1     000DF
__Habs1                    abs1         00000
__Hbank0                   bank0        00000
__Hbank1                   bank1        00000
__Hbank2                   bank2        00000
__Hbank3                   bank3        00000
__HbssBANK1                bssBANK1     00000
__HbssBANK3                bssBANK3     00000
__Hcinit                   cinit        00025
__Hclrtext                 clrtext      00000
__Hcode                    code         00000
__Hcommon                  common       00000
__Hconfig                  config       02009
__HcstackBANK0             cstackBANK0  00000
__HcstackBANK1             cstackBANK1  00000
__HcstackCOMMON            cstackCOMMON 00000
__Heeprom_data             eeprom_data  00000
__Hend_init                end_init     0000F
__Hfunctab                 functab      00000
__Hinit                    init         0000C
__Hintentry                intentry     0000C
__Hmaintext                maintext     00000
__Hpowerup                 powerup      00000
__Hram                     ram          00000
__Hreset_vec               reset_vec    00003
__Hsfr0                    sfr0         00000
__Hsfr1                    sfr1         00000
__Hsfr2                    sfr2         00000
__Hsfr3                    sfr3         00000
__Hspace_0                 (abs)        02000
__Hspace_1                 (abs)        0019A
__Hspace_2                 (abs)        00000
__Hspace_3                 (abs)        00000
__Hspace_4                 (abs)        04010
__Hstack                   stack        00000
__Hstrings                 strings      00000
__Htext                    text         00000
__Labs1                    abs1         00000
__Lbank0                   bank0        00000
__Lbank1                   bank1        00000
__Lbank2                   bank2        00000
__Lbank3                   bank3        00000
__LbssBANK1                bssBANK1     00000
__LbssBANK3                bssBANK3     00000
__Lcinit                   cinit        0000F
__Lclrtext                 clrtext      00000
__Lcode                    code         00000
__Lcommon                  common       00000
__Lconfig                  config       00000
__LcstackBANK0             cstackBANK0  00000
__LcstackBANK1             cstackBANK1  00000
__LcstackCOMMON            cstackCOMMON 00000
__Leeprom_data             eeprom_data  00000
__Lend_init                end_init     0000C
__Lfunctab                 functab      00000
__Linit                    init         0000C
__Lintentry                intentry     00004
__Lmaintext                maintext     00000
__Lpowerup                 powerup      00000
__Lram                     ram          00000
__Lreset_vec               reset_vec    00000
__Lsfr0                    sfr0         00000
__Lsfr1                    sfr1         00000
__Lsfr2                    sfr2         00000
__Lsfr3                    sfr3         00000
__Lspace_0                 (abs)        00000
__Lspace_1                 (abs)        00000
__Lspace_2                 (abs)        00000
__Lspace_3                 (abs)        00000
__Lspace_4                 (abs)        00000
__Lstack                   stack        00000
__Lstrings                 strings      00000
__Ltext                    text         00000
__S0                       (abs)        02000
__S1                       (abs)        0019A
__S2                       (abs)        00000
__S3                       (abs)        00000
__Umul8_16                 text25       00806
__Umul8_16@multiplicand    cstackCOMMON 00073
__Umul8_16@multiplier      cstackBANK0  00024
__Umul8_16@product         cstackBANK0  00020
__Umul8_16@word_mpld       cstackBANK0  00022
___awdiv                   text4        01DBB
___awdiv@counter           cstackBANK0  00024
___awdiv@dividend          cstackBANK0  00022
___awdiv@divisor           cstackBANK0  00020
___awdiv@quotient          cstackBANK0  00026
___awdiv@sign              cstackBANK0  00025
___awmod                   text3        01CFA
___awmod@counter           cstackCOMMON 00078
___awmod@dividend          cstackCOMMON 00075
___awmod@divisor           cstackCOMMON 00073
___awmod@sign              cstackCOMMON 00079
___fladd                   text16       01274
___fladd@a                 cstackBANK0  0005A
___fladd@aexp              cstackBANK0  00067
___fladd@b                 cstackBANK0  00056
___fladd@bexp              cstackBANK0  00068
___fladd@grs               cstackBANK0  00069
___fladd@signs             cstackBANK0  00066
___fleq                    text19       01C54
___fleq@ff1                cstackCOMMON 00073
___fleq@ff2                cstackCOMMON 00077
___flge                    text18       01EA0
___flge@ff1                cstackCOMMON 00073
___flge@ff2                cstackCOMMON 00077
___flmul                   text24       0093C
___flmul@a                 cstackBANK0  0002C
___flmul@aexp              cstackBANK0  0003A
___flmul@b                 cstackBANK0  00028
___flmul@bexp              cstackBANK0  0003B
___flmul@grs               cstackBANK0  00036
___flmul@prod              cstackBANK0  0003C
___flmul@sign              cstackBANK0  00035
___flmul@temp              cstackBANK0  00040
___flneg                   text17       0199A
___flneg@f1                cstackCOMMON 00073
___flsub                   text15       007AE
___flsub@a                 cstackBANK1  000A0
___flsub@b                 cstackBANK1  000A4
___fltol                   text14       01E24
___fltol@exp1              cstackBANK0  0005F
___fltol@f1                cstackBANK0  00055
___fltol@sign1             cstackBANK0  0005E
___int_sp                  stack        00000
___latbits                 (abs)        00002
___lldiv                   text13       01D53
___lldiv@counter           cstackBANK0  00025
___lldiv@dividend          cstackCOMMON 00077
___lldiv@divisor           cstackCOMMON 00073
___lldiv@quotient          cstackBANK0  00021
___llmod                   text12       01CA4
___llmod@counter           cstackBANK0  00021
___llmod@dividend          cstackCOMMON 00077
___llmod@divisor           cstackCOMMON 00073
___lwdiv                   text8        01BC4
___lwdiv@counter           cstackBANK0  00026
___lwdiv@dividend          cstackBANK0  00022
___lwdiv@divisor           cstackBANK0  00020
___lwdiv@quotient          cstackBANK0  00024
___lwmod                   text7        01AC6
___lwmod@counter           cstackCOMMON 00078
___lwmod@dividend          cstackCOMMON 00075
___lwmod@divisor           cstackCOMMON 00073
___sp                      stack        00000
___stackhi                 (abs)        00000
___stacklo                 (abs)        00000
___wmul                    text11       010D4
___wmul@multiplicand       cstackCOMMON 00075
___wmul@multiplier         cstackCOMMON 00073
___wmul@product            cstackCOMMON 00077
___xxtofl                  text23       01F44
___xxtofl@arg              cstackBANK0  00022
___xxtofl@exp              cstackBANK0  00021
___xxtofl@sign             cstackBANK0  00020
___xxtofl@val              cstackCOMMON 00073
__div_to_l_                text10       011B6
__div_to_l_@cntr           cstackBANK0  00025
__div_to_l_@exp1           cstackBANK0  00026
__div_to_l_@f1             cstackCOMMON 00073
__div_to_l_@f2             cstackCOMMON 00077
__div_to_l_@quot           cstackBANK0  00021
__end_of_Lcd_Clear         text35       010D4
__end_of_Lcd_Cmd           text36       01A0F
__end_of_Lcd_Init          text34       01C54
__end_of_Lcd_Port          text37       01B3E
__end_of_Lcd_Set_Cursor    text33       01AC6
__end_of_Lcd_Write_Char    text32       01A2A
__end_of_Lcd_Write_String  text31       01BC4
__end_of__Umul8_16         text25       0082F
__end_of___awdiv           text4        01E24
__end_of___awmod           text3        01D53
__end_of___fladd           text16       014FC
__end_of___fleq            text19       01CA4
__end_of___flge            text18       01F44
__end_of___flmul           text24       00C9D
__end_of___flneg           text17       019A5
__end_of___flsub           text15       007FE
__end_of___fltol           text14       01EA0
__end_of___lldiv           text13       01DBB
__end_of___llmod           text12       01CFA
__end_of___lwdiv           text8        01C0A
__end_of___lwmod           text7        01B00
__end_of___wmul            text11       010F9
__end_of___xxtofl          text23       02000
__end_of__div_to_l_        text10       01274
__end_of__initialization   cinit        00021
__end_of__npowers_         strings      01078
__end_of__powers_          strings      01044
__end_of__stringtab        strings      01010
__end_of__tdiv_to_l_       text9        011B6
__end_of_cfg_adc           text30       019F5
__end_of_cfg_clk           text29       0197E
__end_of_cfg_inte          text28       01990
__end_of_cfg_io            text27       019CA
__end_of_cfg_usart         text26       019DF
__end_of_conv              text22       01B7E
__end_of_dpowers           strings      010A0
__end_of_fround            text6        007AE
__end_of_int_adc           text40       01A46
__end_of_int_uart          text39       01A81
__end_of_isdigit           text5        019B7
__end_of_isr               text38       01A63
__end_of_main              maintext     0093C
__end_of_scale             text2        01000
__end_of_send_char         text21       0199A
__end_of_send_crct         text20       01AA2
__end_of_sprintf           text1_split_1 005A1
__initialization           cinit        0000F
__npowers_                 strings      01044
__pbssBANK1                bssBANK1     000D3
__pbssBANK3                bssBANK3     00190
__pcstackBANK0             cstackBANK0  00020
__pcstackBANK1             cstackBANK1  000A0
__pcstackCOMMON            cstackCOMMON 00070
__pintentry                intentry     00004
__pmaintext                maintext     0082F
__powers_                  strings      01010
__pstrings                 strings      01000
__ptext1                   text1        014FC
__ptext10                  text10       011B6
__ptext11                  text11       010D4
__ptext12                  text12       01CA4
__ptext13                  text13       01D53
__ptext14                  text14       01E24
__ptext15                  text15       007AE
__ptext16                  text16       01274
__ptext17                  text17       0199A
__ptext18                  text18       01EA0
__ptext19                  text19       01C54
__ptext2                   text2        00C9D
__ptext20                  text20       01A81
__ptext21                  text21       01990
__ptext22                  text22       01B3E
__ptext23                  text23       01F44
__ptext24                  text24       0093C
__ptext25                  text25       00806
__ptext26                  text26       019CA
__ptext27                  text27       019B7
__ptext28                  text28       01986
__ptext29                  text29       01976
__ptext3                   text3        01CFA
__ptext30                  text30       019DF
__ptext31                  text31       01B7E
__ptext32                  text32       01A0F
__ptext33                  text33       01AA2
__ptext34                  text34       01C0A
__ptext35                  text35       010C7
__ptext36                  text36       019F5
__ptext37                  text37       01B00
__ptext38                  text38       01A46
__ptext39                  text39       01A63
__ptext4                   text4        01DBB
__ptext40                  text40       01A2A
__ptext5                   text5        019A5
__ptext6                   text6        005A1
__ptext7                   text7        01AC6
__ptext8                   text8        01BC4
__ptext9                   text9        010F9
__size_of_Lcd_Clear        (abs)        00000
__size_of_Lcd_Cmd          (abs)        00000
__size_of_Lcd_Init         (abs)        00000
__size_of_Lcd_Port         (abs)        00000
__size_of_Lcd_Set_Cursor   (abs)        00000
__size_of_Lcd_Write_Char   (abs)        00000
__size_of_Lcd_Write_String (abs)        00000
__size_of__Umul8_16        (abs)        00000
__size_of___awdiv          (abs)        00000
__size_of___awmod          (abs)        00000
__size_of___fladd          (abs)        00000
__size_of___fleq           (abs)        00000
__size_of___flge           (abs)        00000
__size_of___flmul          (abs)        00000
__size_of___flneg          (abs)        00000
__size_of___flsub          (abs)        00000
__size_of___fltol          (abs)        00000
__size_of___lldiv          (abs)        00000
__size_of___llmod          (abs)        00000
__size_of___lwdiv          (abs)        00000
__size_of___lwmod          (abs)        00000
__size_of___wmul           (abs)        00000
__size_of___xxtofl         (abs)        00000
__size_of__div_to_l_       (abs)        00000
__size_of__tdiv_to_l_      (abs)        00000
__size_of_cfg_adc          (abs)        00000
__size_of_cfg_clk          (abs)        00000
__size_of_cfg_inte         (abs)        00000
__size_of_cfg_io           (abs)        00000
__size_of_cfg_usart        (abs)        00000
__size_of_conv             (abs)        00000
__size_of_fround           (abs)        00000
__size_of_int_adc          (abs)        00000
__size_of_int_uart         (abs)        00000
__size_of_isdigit          (abs)        00000
__size_of_isr              (abs)        00000
__size_of_main             (abs)        00000
__size_of_scale            (abs)        00000
__size_of_send_char        (abs)        00000
__size_of_send_crct        (abs)        00000
__size_of_sprintf          (abs)        00000
__stringbase               strings      0100F
__stringtab                strings      01000
__tdiv_to_l_               text9        010F9
__tdiv_to_l_@cntr          cstackBANK0  00028
__tdiv_to_l_@exp1          cstackBANK0  00029
__tdiv_to_l_@f1            cstackCOMMON 00073
__tdiv_to_l_@f2            cstackCOMMON 00077
__tdiv_to_l_@quot          cstackBANK0  00024
_cfg_adc                   text30       019DF
_cfg_clk                   text29       01976
_cfg_inte                  text28       01986
_cfg_io                    text27       019B7
_cfg_usart                 text26       019CA
_conv                      text22       01B3E
_dpowers                   strings      01078
_f1                        bssBANK1     000E2
_fround                    text6        005A1
_fround$1236               cstackBANK0  00051
_fround$1237               cstackBANK0  0004D
_int_adc                   text40       01A2A
_int_uart                  text39       01A63
_isdigit                   text5        019A5
_isdigit$1052              cstackCOMMON 00073
_isr                       text38       01A46
_main                      maintext     0082F
_scale                     text2        00C9D
_scale$1238                cstackBANK0  00050
_send_char                 text21       01990
_send_crct                 text20       01A81
_sprintf                   text1        014FC
_sprintf$1239              cstackBANK1  000B5
_v11                       bssBANK1     000DB
_v22                       bssBANK1     000D7
_v33                       bssBANK1     000D3
btemp                      (abs)        0007E
clear_ram0                 clrtext      0197E
conv@aa                    cstackBANK0  0004E
conv@result                cstackBANK0  0004A
end_of_initialization      cinit        00021
fround@prec                cstackBANK0  00055
interrupt_function         intentry     00004
intlevel0                  functab      00000
intlevel1                  functab      00000
intlevel2                  functab      00000
intlevel3                  functab      00000
intlevel4                  functab      00000
intlevel5                  functab      00000
isdigit@c                  cstackCOMMON 00074
pnum$text1                 (abs)        0000B
pnum$text1_split_1         (abs)        00035
psplit$0                   (abs)        B0035
reset_vec                  reset_vec    00000
saved_w                    (abs)        0007E
scale@scl                  cstackBANK0  00054
send_char@dato             cstackCOMMON 00073
send_crct@i                cstackCOMMON 00075
send_crct@st               cstackCOMMON 00077
sprintf@ap                 cstackBANK1  000B9
sprintf@c                  cstackBANK1  000CF
sprintf@eexp               cstackBANK1  000C6
sprintf@f                  cstackBANK1  000A8
sprintf@flag               cstackBANK1  000BE
sprintf@fval               cstackBANK1  000C8
sprintf@prec               cstackBANK1  000CD
sprintf@sp                 cstackBANK1  000CC
sprintf@tmpval             cstackBANK1  000C2
sprintf@val                cstackBANK1  000BA
sprintf@width              cstackBANK1  000C0
start                      init         0000C
start_initialization       cinit        0000F
wtemp0                     (abs)        0007E


FUNCTION INFORMATION:

 *************** function _main *****************
 Defined at:
		line 134 in file "main.c"
 Parameters:    Size  Location     Type
		None
 Auto vars:     Size  Location     Type
		None
 Return value:  Size  Location     Type
                  1    wreg      void 
 Registers used:
		wreg, fsr0l, fsr0h, status,2, status,0, btemp+1, pclath, cstack
 Tracked objects:
		On entry : 
		On exit  : 
		Unchanged: 
 Data sizes:     COMMON   BANK0   BANK1   BANK3   BANK2
      Params:         0       0       0       0       0
      Locals:         0       0       0       0       0
      Temps:          0       0       3       0       0
      Totals:         0       0       3       0       0
Total ram usage:        3 bytes
 Hardware stack levels required when called:    6
 This function calls:
		_Lcd_Clear
		_Lcd_Init
		_Lcd_Set_Cursor
		_Lcd_Write_String
		_cfg_adc
		_cfg_clk
		_cfg_inte
		_cfg_io
		_cfg_usart
		_conv
		_send_crct
		_sprintf
 This function is called by:
		Startup code after reset
 This function uses a non-reentrant model


 *************** function _sprintf *****************
 Defined at:
		line 505 in file "C:\Program Files\Microchip\xc8\v2.31\pic\sources\c90\common\doprnt.c"
 Parameters:    Size  Location     Type
  sp              1    wreg     PTR unsigned char 
		 -> f1(10), 
  f               1    8[BANK1 ] PTR const unsigned char 
		 -> STR_2(21), 
 Auto vars:     Size  Location     Type
  sp              1   44[BANK1 ] PTR unsigned char 
		 -> f1(10), 
  fval            4   40[BANK1 ] PTR unsigned char 
  tmpval          4   34[BANK1 ] struct .
  val             4   26[BANK1 ] unsigned long 
  prec            2   45[BANK1 ] int 
  eexp            2   38[BANK1 ] int 
  width           2   32[BANK1 ] int 
  flag            2   30[BANK1 ] unsigned short 
  cp              2    0        PTR const unsigned char 
  len             2    0        unsigned int 
  c               1   47[BANK1 ] unsigned char 
  ap              1   25[BANK1 ] PTR void [1]
		 -> ?_sprintf(2), 
  d               1    0        unsigned char 
 Return value:  Size  Location     Type
                  2    8[BANK1 ] int 
 Registers used:
		wreg, fsr0l, fsr0h, status,2, status,0, btemp+1, pclath, cstack
 Tracked objects:
		On entry : 
		On exit  : 
		Unchanged: 
 Data sizes:     COMMON   BANK0   BANK1   BANK3   BANK2
      Params:         0       0      13       0       0
      Locals:         0       0      27       0       0
      Temps:          0       5       0       0       0
      Totals:         0       5      40       0       0
Total ram usage:       45 bytes
 Hardware stack levels used:    1
 Hardware stack levels required when called:    5
 This function calls:
		___awdiv
		___fladd
		___fleq
		___flge
		___flmul
		___flneg
		___flsub
		___fltol
		___lldiv
		___llmod
		___wmul
		___xxtofl
		__div_to_l_
		__tdiv_to_l_
		_fround
		_isdigit
		_scale
 This function is called by:
		_main
 This function uses a non-reentrant model


 *************** function _scale *****************
 Defined at:
		line 433 in file "C:\Program Files\Microchip\xc8\v2.31\pic\sources\c90\common\doprnt.c"
 Parameters:    Size  Location     Type
  scl             1    wreg     char 
 Auto vars:     Size  Location     Type
  scl             1   52[BANK0 ] char 
 Return value:  Size  Location     Type
                  4   34[BANK0 ] char 
 Registers used:
		wreg, fsr0l, fsr0h, status,2, status,0, btemp+1, pclath, cstack
 Tracked objects:
		On entry : 
		On exit  : 
		Unchanged: 
 Data sizes:     COMMON   BANK0   BANK1   BANK3   BANK2
      Params:         0       4       0       0       0
      Locals:         0       5       0       0       0
      Temps:          0      10       0       0       0
      Totals:         0      19       0       0       0
Total ram usage:       19 bytes
 Hardware stack levels used:    1
 Hardware stack levels required when called:    4
 This function calls:
		___awdiv
		___awmod
		___flmul
 This function is called by:
		_sprintf
 This function uses a non-reentrant model


 *************** function ___awmod *****************
 Defined at:
		line 5 in file "C:\Program Files\Microchip\xc8\v2.31\pic\sources\c90\common\awmod.c"
 Parameters:    Size  Location     Type
  divisor         2    3[COMMON] int 
  dividend        2    5[COMMON] int 
 Auto vars:     Size  Location     Type
  sign            1    9[COMMON] unsigned char 
  counter         1    8[COMMON] unsigned char 
 Return value:  Size  Location     Type
                  2    3[COMMON] int 
 Registers used:
		wreg, status,2, status,0
 Tracked objects:
		On entry : 
		On exit  : 
		Unchanged: 
 Data sizes:     COMMON   BANK0   BANK1   BANK3   BANK2
      Params:         4       0       0       0       0
      Locals:         2       0       0       0       0
      Temps:          1       0       0       0       0
      Totals:         7       0       0       0       0
Total ram usage:        7 bytes
 Hardware stack levels used:    1
 Hardware stack levels required when called:    2
 This function calls:
		Nothing
 This function is called by:
		_scale
 This function uses a non-reentrant model


 *************** function ___awdiv *****************
 Defined at:
		line 5 in file "C:\Program Files\Microchip\xc8\v2.31\pic\sources\c90\common\awdiv.c"
 Parameters:    Size  Location     Type
  divisor         2    0[BANK0 ] int 
  dividend        2    2[BANK0 ] int 
 Auto vars:     Size  Location     Type
  quotient        2    6[BANK0 ] int 
  sign            1    5[BANK0 ] unsigned char 
  counter         1    4[BANK0 ] unsigned char 
 Return value:  Size  Location     Type
                  2    0[BANK0 ] int 
 Registers used:
		wreg, status,2, status,0
 Tracked objects:
		On entry : 
		On exit  : 
		Unchanged: 
 Data sizes:     COMMON   BANK0   BANK1   BANK3   BANK2
      Params:         0       4       0       0       0
      Locals:         0       4       0       0       0
      Temps:          1       0       0       0       0
      Totals:         1       8       0       0       0
Total ram usage:        9 bytes
 Hardware stack levels used:    1
 Hardware stack levels required when called:    2
 This function calls:
		Nothing
 This function is called by:
		_scale
		_sprintf
 This function uses a non-reentrant model


 *************** function _isdigit *****************
 Defined at:
		line 8 in file "C:\Program Files\Microchip\xc8\v2.31\pic\sources\c90\common\isdigit.c"
 Parameters:    Size  Location     Type
  c               1    wreg     unsigned char 
 Auto vars:     Size  Location     Type
  c               1    4[COMMON] unsigned char 
 Return value:  Size  Location     Type
		None               void
 Registers used:
		wreg, status,2, status,0
 Tracked objects:
		On entry : 
		On exit  : 
		Unchanged: 
 Data sizes:     COMMON   BANK0   BANK1   BANK3   BANK2
      Params:         0       0       0       0       0
      Locals:         2       0       0       0       0
      Temps:          0       0       0       0       0
      Totals:         2       0       0       0       0
Total ram usage:        2 bytes
 Hardware stack levels used:    1
 Hardware stack levels required when called:    2
 This function calls:
		Nothing
 This function is called by:
		_sprintf
 This function uses a non-reentrant model


 *************** function _fround *****************
 Defined at:
		line 417 in file "C:\Program Files\Microchip\xc8\v2.31\pic\sources\c90\common\doprnt.c"
 Parameters:    Size  Location     Type
  prec            1    wreg     unsigned char 
 Auto vars:     Size  Location     Type
  prec            1   53[BANK0 ] unsigned char 
 Return value:  Size  Location     Type
                  4   34[BANK0 ] unsigned char 
 Registers used:
		wreg, fsr0l, fsr0h, status,2, status,0, btemp+1, pclath, cstack
 Tracked objects:
		On entry : 
		On exit  : 
		Unchanged: 
 Data sizes:     COMMON   BANK0   BANK1   BANK3   BANK2
      Params:         0       4       0       0       0
      Locals:         0       9       0       0       0
      Temps:          0       7       0       0       0
      Totals:         0      20       0       0       0
Total ram usage:       20 bytes
 Hardware stack levels used:    1
 Hardware stack levels required when called:    4
 This function calls:
		___flmul
		___lwdiv
		___lwmod
 This function is called by:
		_sprintf
 This function uses a non-reentrant model


 *************** function ___lwmod *****************
 Defined at:
		line 5 in file "C:\Program Files\Microchip\xc8\v2.31\pic\sources\c90\common\lwmod.c"
 Parameters:    Size  Location     Type
  divisor         2    3[COMMON] unsigned int 
  dividend        2    5[COMMON] unsigned int 
 Auto vars:     Size  Location     Type
  counter         1    8[COMMON] unsigned char 
 Return value:  Size  Location     Type
                  2    3[COMMON] unsigned int 
 Registers used:
		wreg, status,2, status,0
 Tracked objects:
		On entry : 
		On exit  : 
		Unchanged: 
 Data sizes:     COMMON   BANK0   BANK1   BANK3   BANK2
      Params:         4       0       0       0       0
      Locals:         1       0       0       0       0
      Temps:          1       0       0       0       0
      Totals:         6       0       0       0       0
Total ram usage:        6 bytes
 Hardware stack levels used:    1
 Hardware stack levels required when called:    2
 This function calls:
		Nothing
 This function is called by:
		_fround
 This function uses a non-reentrant model


 *************** function ___lwdiv *****************
 Defined at:
		line 5 in file "C:\Program Files\Microchip\xc8\v2.31\pic\sources\c90\common\lwdiv.c"
 Parameters:    Size  Location     Type
  divisor         2    0[BANK0 ] unsigned int 
  dividend        2    2[BANK0 ] unsigned int 
 Auto vars:     Size  Location     Type
  quotient        2    4[BANK0 ] unsigned int 
  counter         1    6[BANK0 ] unsigned char 
 Return value:  Size  Location     Type
                  2    0[BANK0 ] unsigned int 
 Registers used:
		wreg, status,2, status,0
 Tracked objects:
		On entry : 
		On exit  : 
		Unchanged: 
 Data sizes:     COMMON   BANK0   BANK1   BANK3   BANK2
      Params:         0       4       0       0       0
      Locals:         0       3       0       0       0
      Temps:          1       0       0       0       0
      Totals:         1       7       0       0       0
Total ram usage:        8 bytes
 Hardware stack levels used:    1
 Hardware stack levels required when called:    2
 This function calls:
		Nothing
 This function is called by:
		_fround
 This function uses a non-reentrant model


 *************** function __tdiv_to_l_ *****************
 Defined at:
		line 60 in file "C:\Program Files\Microchip\xc8\v2.31\pic\sources\c90\common\ftdivl.c"
 Parameters:    Size  Location     Type
  f1              4    3[COMMON] float 
  f2              4    7[COMMON] float 
 Auto vars:     Size  Location     Type
  quot            4    4[BANK0 ] unsigned long 
  exp1            1    9[BANK0 ] unsigned char 
  cntr            1    8[BANK0 ] unsigned char 
 Return value:  Size  Location     Type
                  4    3[COMMON] unsigned long 
 Registers used:
		wreg, status,2, status,0
 Tracked objects:
		On entry : 
		On exit  : 
		Unchanged: 
 Data sizes:     COMMON   BANK0   BANK1   BANK3   BANK2
      Params:         8       0       0       0       0
      Locals:         0       6       0       0       0
      Temps:          0       4       0       0       0
      Totals:         8      10       0       0       0
Total ram usage:       18 bytes
 Hardware stack levels used:    1
 Hardware stack levels required when called:    2
 This function calls:
		Nothing
 This function is called by:
		_sprintf
 This function uses a non-reentrant model


 *************** function __div_to_l_ *****************
 Defined at:
		line 60 in file "C:\Program Files\Microchip\xc8\v2.31\pic\sources\c90\common\fldivl.c"
 Parameters:    Size  Location     Type
  f1              4    3[COMMON] unsigned long 
  f2              4    7[COMMON] unsigned long 
 Auto vars:     Size  Location     Type
  quot            4    1[BANK0 ] unsigned long 
  exp1            1    6[BANK0 ] unsigned char 
  cntr            1    5[BANK0 ] unsigned char 
 Return value:  Size  Location     Type
                  4    3[COMMON] unsigned long 
 Registers used:
		wreg, status,2, status,0
 Tracked objects:
		On entry : 
		On exit  : 
		Unchanged: 
 Data sizes:     COMMON   BANK0   BANK1   BANK3   BANK2
      Params:         8       0       0       0       0
      Locals:         0       6       0       0       0
      Temps:          0       1       0       0       0
      Totals:         8       7       0       0       0
Total ram usage:       15 bytes
 Hardware stack levels used:    1
 Hardware stack levels required when called:    2
 This function calls:
		Nothing
 This function is called by:
		_sprintf
 This function uses a non-reentrant model


 *************** function ___wmul *****************
 Defined at:
		line 15 in file "C:\Program Files\Microchip\xc8\v2.31\pic\sources\c90\common\Umul16.c"
 Parameters:    Size  Location     Type
  multiplier      2    3[COMMON] unsigned int 
  multiplicand    2    5[COMMON] unsigned int 
 Auto vars:     Size  Location     Type
  product         2    7[COMMON] unsigned int 
 Return value:  Size  Location     Type
                  2    3[COMMON] unsigned int 
 Registers used:
		wreg, status,2, status,0
 Tracked objects:
		On entry : 
		On exit  : 
		Unchanged: 
 Data sizes:     COMMON   BANK0   BANK1   BANK3   BANK2
      Params:         4       0       0       0       0
      Locals:         2       0       0       0       0
      Temps:          0       0       0       0       0
      Totals:         6       0       0       0       0
Total ram usage:        6 bytes
 Hardware stack levels used:    1
 Hardware stack levels required when called:    2
 This function calls:
		Nothing
 This function is called by:
		_sprintf
 This function uses a non-reentrant model


 *************** function ___llmod *****************
 Defined at:
		line 5 in file "C:\Program Files\Microchip\xc8\v2.31\pic\sources\c90\common\llmod.c"
 Parameters:    Size  Location     Type
  divisor         4    3[COMMON] unsigned long 
  dividend        4    7[COMMON] unsigned long 
 Auto vars:     Size  Location     Type
  counter         1    1[BANK0 ] unsigned char 
 Return value:  Size  Location     Type
                  4    3[COMMON] unsigned long 
 Registers used:
		wreg, status,2, status,0
 Tracked objects:
		On entry : 
		On exit  : 
		Unchanged: 
 Data sizes:     COMMON   BANK0   BANK1   BANK3   BANK2
      Params:         8       0       0       0       0
      Locals:         0       1       0       0       0
      Temps:          0       1       0       0       0
      Totals:         8       2       0       0       0
Total ram usage:       10 bytes
 Hardware stack levels used:    1
 Hardware stack levels required when called:    2
 This function calls:
		Nothing
 This function is called by:
		_sprintf
 This function uses a non-reentrant model


 *************** function ___lldiv *****************
 Defined at:
		line 5 in file "C:\Program Files\Microchip\xc8\v2.31\pic\sources\c90\common\__lldiv.c"
 Parameters:    Size  Location     Type
  divisor         4    3[COMMON] unsigned long 
  dividend        4    7[COMMON] unsigned long 
 Auto vars:     Size  Location     Type
  quotient        4    1[BANK0 ] unsigned long 
  counter         1    5[BANK0 ] unsigned char 
 Return value:  Size  Location     Type
                  4    3[COMMON] unsigned long 
 Registers used:
		wreg, status,2, status,0
 Tracked objects:
		On entry : 
		On exit  : 
		Unchanged: 
 Data sizes:     COMMON   BANK0   BANK1   BANK3   BANK2
      Params:         8       0       0       0       0
      Locals:         0       5       0       0       0
      Temps:          0       1       0       0       0
      Totals:         8       6       0       0       0
Total ram usage:       14 bytes
 Hardware stack levels used:    1
 Hardware stack levels required when called:    2
 This function calls:
		Nothing
 This function is called by:
		_sprintf
 This function uses a non-reentrant model


 *************** function ___fltol *****************
 Defined at:
		line 43 in file "C:\Program Files\Microchip\xc8\v2.31\pic\sources\c90\common\fltol.c"
 Parameters:    Size  Location     Type
  f1              4   53[BANK0 ] unsigned long 
 Auto vars:     Size  Location     Type
  exp1            1   63[BANK0 ] unsigned char 
  sign1           1   62[BANK0 ] unsigned char 
 Return value:  Size  Location     Type
                  4   53[BANK0 ] long 
 Registers used:
		wreg, status,2, status,0
 Tracked objects:
		On entry : 
		On exit  : 
		Unchanged: 
 Data sizes:     COMMON   BANK0   BANK1   BANK3   BANK2
      Params:         0       4       0       0       0
      Locals:         0       2       0       0       0
      Temps:          0       5       0       0       0
      Totals:         0      11       0       0       0
Total ram usage:       11 bytes
 Hardware stack levels used:    1
 Hardware stack levels required when called:    2
 This function calls:
		Nothing
 This function is called by:
		_sprintf
 This function uses a non-reentrant model


 *************** function ___flsub *****************
 Defined at:
		line 242 in file "C:\Program Files\Microchip\xc8\v2.31\pic\sources\c90\common\sprcadd.c"
 Parameters:    Size  Location     Type
  a               4    0[BANK1 ] long 
  b               4    4[BANK1 ] long 
 Auto vars:     Size  Location     Type
		None
 Return value:  Size  Location     Type
                  4    0[BANK1 ] long 
 Registers used:
		wreg, status,2, status,0, btemp+1, pclath, cstack
 Tracked objects:
		On entry : 
		On exit  : 
		Unchanged: 
 Data sizes:     COMMON   BANK0   BANK1   BANK3   BANK2
      Params:         0       0       8       0       0
      Locals:         0       0       0       0       0
      Temps:          0       0       0       0       0
      Totals:         0       0       8       0       0
Total ram usage:        8 bytes
 Hardware stack levels used:    1
 Hardware stack levels required when called:    3
 This function calls:
		___fladd
 This function is called by:
		_sprintf
 This function uses a non-reentrant model


 *************** function ___fladd *****************
 Defined at:
		line 10 in file "C:\Program Files\Microchip\xc8\v2.31\pic\sources\c90\common\sprcadd.c"
 Parameters:    Size  Location     Type
  b               4   54[BANK0 ] long 
  a               4   58[BANK0 ] long 
 Auto vars:     Size  Location     Type
  grs             1   73[BANK0 ] unsigned char 
  bexp            1   72[BANK0 ] unsigned char 
  aexp            1   71[BANK0 ] unsigned char 
  signs           1   70[BANK0 ] unsigned char 
 Return value:  Size  Location     Type
                  4   54[BANK0 ] unsigned char 
 Registers used:
		wreg, status,2, status,0, btemp+1
 Tracked objects:
		On entry : 
		On exit  : 
		Unchanged: 
 Data sizes:     COMMON   BANK0   BANK1   BANK3   BANK2
      Params:         0       8       0       0       0
      Locals:         0       4       0       0       0
      Temps:          0       8       0       0       0
      Totals:         0      20       0       0       0
Total ram usage:       20 bytes
 Hardware stack levels used:    1
 Hardware stack levels required when called:    2
 This function calls:
		Nothing
 This function is called by:
		_sprintf
		___flsub
 This function uses a non-reentrant model


 *************** function ___flneg *****************
 Defined at:
		line 15 in file "C:\Program Files\Microchip\xc8\v2.31\pic\sources\c90\common\flneg.c"
 Parameters:    Size  Location     Type
  f1              4    3[COMMON] unsigned char 
 Auto vars:     Size  Location     Type
		None
 Return value:  Size  Location     Type
                  4    3[COMMON] unsigned char 
 Registers used:
		wreg
 Tracked objects:
		On entry : 
		On exit  : 
		Unchanged: 
 Data sizes:     COMMON   BANK0   BANK1   BANK3   BANK2
      Params:         4       0       0       0       0
      Locals:         0       0       0       0       0
      Temps:          0       0       0       0       0
      Totals:         4       0       0       0       0
Total ram usage:        4 bytes
 Hardware stack levels used:    1
 Hardware stack levels required when called:    2
 This function calls:
		Nothing
 This function is called by:
		_sprintf
 This function uses a non-reentrant model


 *************** function ___flge *****************
 Defined at:
		line 4 in file "C:\Program Files\Microchip\xc8\v2.31\pic\sources\c90\common\flge.c"
 Parameters:    Size  Location     Type
  ff1             4    3[COMMON] unsigned char 
  ff2             4    7[COMMON] unsigned char 
 Auto vars:     Size  Location     Type
		None
 Return value:  Size  Location     Type
		None               void
 Registers used:
		wreg, status,2, status,0
 Tracked objects:
		On entry : 
		On exit  : 
		Unchanged: 
 Data sizes:     COMMON   BANK0   BANK1   BANK3   BANK2
      Params:         8       0       0       0       0
      Locals:         0       0       0       0       0
      Temps:          0       4       0       0       0
      Totals:         8       4       0       0       0
Total ram usage:       12 bytes
 Hardware stack levels used:    1
 Hardware stack levels required when called:    2
 This function calls:
		Nothing
 This function is called by:
		_sprintf
 This function uses a non-reentrant model


 *************** function ___fleq *****************
 Defined at:
		line 4 in file "C:\Program Files\Microchip\xc8\v2.31\pic\sources\c90\common\fleq.c"
 Parameters:    Size  Location     Type
  ff1             4    3[COMMON] unsigned char 
  ff2             4    7[COMMON] unsigned char 
 Auto vars:     Size  Location     Type
		None
 Return value:  Size  Location     Type
		None               void
 Registers used:
		wreg, status,2, status,0
 Tracked objects:
		On entry : 
		On exit  : 
		Unchanged: 
 Data sizes:     COMMON   BANK0   BANK1   BANK3   BANK2
      Params:         8       0       0       0       0
      Locals:         0       0       0       0       0
      Temps:          0       4       0       0       0
      Totals:         8       4       0       0       0
Total ram usage:       12 bytes
 Hardware stack levels used:    1
 Hardware stack levels required when called:    2
 This function calls:
		Nothing
 This function is called by:
		_sprintf
 This function uses a non-reentrant model


 *************** function _send_crct *****************
 Defined at:
		line 242 in file "main.c"
 Parameters:    Size  Location     Type
  st              1    wreg     PTR unsigned char 
		 -> f1(10), 
 Auto vars:     Size  Location     Type
  st              1    7[COMMON] PTR unsigned char 
		 -> f1(10), 
  i               2    5[COMMON] int 
 Return value:  Size  Location     Type
                  1    wreg      void 
 Registers used:
		wreg, fsr0l, fsr0h, status,2, status,0, pclath, cstack
 Tracked objects:
		On entry : 
		On exit  : 
		Unchanged: 
 Data sizes:     COMMON   BANK0   BANK1   BANK3   BANK2
      Params:         0       0       0       0       0
      Locals:         3       0       0       0       0
      Temps:          1       0       0       0       0
      Totals:         4       0       0       0       0
Total ram usage:        4 bytes
 Hardware stack levels used:    1
 Hardware stack levels required when called:    3
 This function calls:
		_send_char
 This function is called by:
		_main
 This function uses a non-reentrant model


 *************** function _send_char *****************
 Defined at:
		line 250 in file "main.c"
 Parameters:    Size  Location     Type
  dato            1    wreg     unsigned char 
 Auto vars:     Size  Location     Type
  dato            1    3[COMMON] unsigned char 
 Return value:  Size  Location     Type
                  1    wreg      void 
 Registers used:
		wreg
 Tracked objects:
		On entry : 
		On exit  : 
		Unchanged: 
 Data sizes:     COMMON   BANK0   BANK1   BANK3   BANK2
      Params:         0       0       0       0       0
      Locals:         1       0       0       0       0
      Temps:          0       0       0       0       0
      Totals:         1       0       0       0       0
Total ram usage:        1 bytes
 Hardware stack levels used:    1
 Hardware stack levels required when called:    2
 This function calls:
		Nothing
 This function is called by:
		_send_crct
 This function uses a non-reentrant model


 *************** function _conv *****************
 Defined at:
		line 255 in file "main.c"
 Parameters:    Size  Location     Type
  aa              1    wreg     unsigned char 
 Auto vars:     Size  Location     Type
  aa              1   46[BANK0 ] unsigned char 
  result          4   42[BANK0 ] unsigned char 
 Return value:  Size  Location     Type
                  4   34[BANK0 ] unsigned char 
 Registers used:
		wreg, status,2, status,0, btemp+1, pclath, cstack
 Tracked objects:
		On entry : 
		On exit  : 
		Unchanged: 
 Data sizes:     COMMON   BANK0   BANK1   BANK3   BANK2
      Params:         0       4       0       0       0
      Locals:         0       5       0       0       0
      Temps:          0       4       0       0       0
      Totals:         0      13       0       0       0
Total ram usage:       13 bytes
 Hardware stack levels used:    1
 Hardware stack levels required when called:    4
 This function calls:
		___flmul
		___xxtofl
 This function is called by:
		_main
 This function uses a non-reentrant model


 *************** function ___xxtofl *****************
 Defined at:
		line 10 in file "C:\Program Files\Microchip\xc8\v2.31\pic\sources\c90\common\xxtofl.c"
 Parameters:    Size  Location     Type
  sign            1    wreg     unsigned char 
  val             4    3[COMMON] long 
 Auto vars:     Size  Location     Type
  sign            1    0[BANK0 ] unsigned char 
  arg             4    2[BANK0 ] unsigned long 
  exp             1    1[BANK0 ] unsigned char 
 Return value:  Size  Location     Type
                  4    3[COMMON] unsigned char 
 Registers used:
		wreg, status,2, status,0
 Tracked objects:
		On entry : 
		On exit  : 
		Unchanged: 
 Data sizes:     COMMON   BANK0   BANK1   BANK3   BANK2
      Params:         4       0       0       0       0
      Locals:         0       6       0       0       0
      Temps:          4       0       0       0       0
      Totals:         8       6       0       0       0
Total ram usage:       14 bytes
 Hardware stack levels used:    1
 Hardware stack levels required when called:    2
 This function calls:
		Nothing
 This function is called by:
		_conv
		_sprintf
		_valadc
 This function uses a non-reentrant model


 *************** function ___flmul *****************
 Defined at:
		line 8 in file "C:\Program Files\Microchip\xc8\v2.31\pic\sources\c90\common\sprcmul.c"
 Parameters:    Size  Location     Type
  b               4    8[BANK0 ] unsigned char 
  a               4   12[BANK0 ] unsigned char 
 Auto vars:     Size  Location     Type
  prod            4   28[BANK0 ] struct .
  grs             4   22[BANK0 ] unsigned long 
  temp            2   32[BANK0 ] struct .
  bexp            1   27[BANK0 ] unsigned char 
  aexp            1   26[BANK0 ] unsigned char 
  sign            1   21[BANK0 ] unsigned char 
 Return value:  Size  Location     Type
                  4    8[BANK0 ] unsigned char 
 Registers used:
		wreg, status,2, status,0, btemp+1, pclath, cstack
 Tracked objects:
		On entry : 
		On exit  : 
		Unchanged: 
 Data sizes:     COMMON   BANK0   BANK1   BANK3   BANK2
      Params:         0       8       0       0       0
      Locals:         0      13       0       0       0
      Temps:          0       5       0       0       0
      Totals:         0      26       0       0       0
Total ram usage:       26 bytes
 Hardware stack levels used:    1
 Hardware stack levels required when called:    3
 This function calls:
		__Umul8_16
 This function is called by:
		_conv
		_fround
		_scale
		_sprintf
 This function uses a non-reentrant model


 *************** function __Umul8_16 *****************
 Defined at:
		line 4 in file "C:\Program Files\Microchip\xc8\v2.31\pic\sources\c90\common\Umul8_16.c"
 Parameters:    Size  Location     Type
  multiplier      1    wreg     unsigned char 
  multiplicand    1    3[COMMON] unsigned char 
 Auto vars:     Size  Location     Type
  multiplier      1    4[BANK0 ] unsigned char 
  word_mpld       2    2[BANK0 ] unsigned int 
  product         2    0[BANK0 ] unsigned int 
 Return value:  Size  Location     Type
                  2    3[COMMON] unsigned int 
 Registers used:
		wreg, status,2, status,0
 Tracked objects:
		On entry : 
		On exit  : 
		Unchanged: 
 Data sizes:     COMMON   BANK0   BANK1   BANK3   BANK2
      Params:         2       0       0       0       0
      Locals:         0       5       0       0       0
      Temps:          2       0       0       0       0
      Totals:         4       5       0       0       0
Total ram usage:        9 bytes
 Hardware stack levels used:    1
 Hardware stack levels required when called:    2
 This function calls:
		Nothing
 This function is called by:
		___flmul
 This function uses a non-reentrant model


 *************** function _cfg_usart *****************
 Defined at:
		line 212 in file "main.c"
 Parameters:    Size  Location     Type
		None
 Auto vars:     Size  Location     Type
		None
 Return value:  Size  Location     Type
                  1    wreg      void 
 Registers used:
		wreg, status,2
 Tracked objects:
		On entry : 
		On exit  : 
		Unchanged: 
 Data sizes:     COMMON   BANK0   BANK1   BANK3   BANK2
      Params:         0       0       0       0       0
      Locals:         0       0       0       0       0
      Temps:          0       0       0       0       0
      Totals:         0       0       0       0       0
Total ram usage:        0 bytes
 Hardware stack levels used:    1
 Hardware stack levels required when called:    2
 This function calls:
		Nothing
 This function is called by:
		_main
 This function uses a non-reentrant model


 *************** function _cfg_io *****************
 Defined at:
		line 181 in file "main.c"
 Parameters:    Size  Location     Type
		None
 Auto vars:     Size  Location     Type
		None
 Return value:  Size  Location     Type
                  1    wreg      void 
 Registers used:
		wreg, status,2
 Tracked objects:
		On entry : 
		On exit  : 
		Unchanged: 
 Data sizes:     COMMON   BANK0   BANK1   BANK3   BANK2
      Params:         0       0       0       0       0
      Locals:         0       0       0       0       0
      Temps:          0       0       0       0       0
      Totals:         0       0       0       0       0
Total ram usage:        0 bytes
 Hardware stack levels used:    1
 Hardware stack levels required when called:    2
 This function calls:
		Nothing
 This function is called by:
		_main
 This function uses a non-reentrant model


 *************** function _cfg_inte *****************
 Defined at:
		line 230 in file "main.c"
 Parameters:    Size  Location     Type
		None
 Auto vars:     Size  Location     Type
		None
 Return value:  Size  Location     Type
                  1    wreg      void 
 Registers used:
		None
 Tracked objects:
		On entry : 
		On exit  : 
		Unchanged: 
 Data sizes:     COMMON   BANK0   BANK1   BANK3   BANK2
      Params:         0       0       0       0       0
      Locals:         0       0       0       0       0
      Temps:          0       0       0       0       0
      Totals:         0       0       0       0       0
Total ram usage:        0 bytes
 Hardware stack levels used:    1
 Hardware stack levels required when called:    2
 This function calls:
		Nothing
 This function is called by:
		_main
 This function uses a non-reentrant model


 *************** function _cfg_clk *****************
 Defined at:
		line 208 in file "main.c"
 Parameters:    Size  Location     Type
		None
 Auto vars:     Size  Location     Type
		None
 Return value:  Size  Location     Type
                  1    wreg      void 
 Registers used:
		wreg, status,2, status,0
 Tracked objects:
		On entry : 
		On exit  : 
		Unchanged: 
 Data sizes:     COMMON   BANK0   BANK1   BANK3   BANK2
      Params:         0       0       0       0       0
      Locals:         0       0       0       0       0
      Temps:          0       0       0       0       0
      Totals:         0       0       0       0       0
Total ram usage:        0 bytes
 Hardware stack levels used:    1
 Hardware stack levels required when called:    2
 This function calls:
		Nothing
 This function is called by:
		_main
 This function uses a non-reentrant model


 *************** function _cfg_adc *****************
 Defined at:
		line 195 in file "main.c"
 Parameters:    Size  Location     Type
		None
 Auto vars:     Size  Location     Type
		None
 Return value:  Size  Location     Type
                  1    wreg      void 
 Registers used:
		wreg, status,2, status,0
 Tracked objects:
		On entry : 
		On exit  : 
		Unchanged: 
 Data sizes:     COMMON   BANK0   BANK1   BANK3   BANK2
      Params:         0       0       0       0       0
      Locals:         0       0       0       0       0
      Temps:          1       0       0       0       0
      Totals:         1       0       0       0       0
Total ram usage:        1 bytes
 Hardware stack levels used:    1
 Hardware stack levels required when called:    2
 This function calls:
		Nothing
 This function is called by:
		_main
 This function uses a non-reentrant model


 *************** function _Lcd_Write_String *****************
 Defined at:
		line 110 in file "LCD.c"
 Parameters:    Size  Location     Type
  a               2    6[COMMON] PTR unsigned char 
		 -> f1(10), STR_1(18), 
 Auto vars:     Size  Location     Type
  i               2    0[BANK0 ] int 
 Return value:  Size  Location     Type
                  1    wreg      void 
 Registers used:
		wreg, fsr0l, fsr0h, status,2, status,0, btemp+1, pclath, cstack
 Tracked objects:
		On entry : 
		On exit  : 
		Unchanged: 
 Data sizes:     COMMON   BANK0   BANK1   BANK3   BANK2
      Params:         2       0       0       0       0
      Locals:         0       2       0       0       0
      Temps:          3       0       0       0       0
      Totals:         5       2       0       0       0
Total ram usage:        7 bytes
 Hardware stack levels used:    1
 Hardware stack levels required when called:    4
 This function calls:
		_Lcd_Write_Char
 This function is called by:
		_main
 This function uses a non-reentrant model


 *************** function _Lcd_Write_Char *****************
 Defined at:
		line 94 in file "LCD.c"
 Parameters:    Size  Location     Type
  a               1    wreg     unsigned char 
 Auto vars:     Size  Location     Type
  a               1    5[COMMON] unsigned char 
 Return value:  Size  Location     Type
                  1    wreg      void 
 Registers used:
		wreg, status,2, status,0, pclath, cstack
 Tracked objects:
		On entry : 
		On exit  : 
		Unchanged: 
 Data sizes:     COMMON   BANK0   BANK1   BANK3   BANK2
      Params:         0       0       0       0       0
      Locals:         1       0       0       0       0
      Temps:          1       0       0       0       0
      Totals:         2       0       0       0       0
Total ram usage:        2 bytes
 Hardware stack levels used:    1
 Hardware stack levels required when called:    3
 This function calls:
		_Lcd_Port
 This function is called by:
		_Lcd_Write_String
 This function uses a non-reentrant model


 *************** function _Lcd_Set_Cursor *****************
 Defined at:
		line 69 in file "LCD.c"
 Parameters:    Size  Location     Type
  a               1    wreg     unsigned char 
  b               1    7[COMMON] unsigned char 
 Auto vars:     Size  Location     Type
  a               1    9[COMMON] unsigned char 
  temp            1   10[COMMON] unsigned char 
 Return value:  Size  Location     Type
                  1    wreg      void 
 Registers used:
		wreg, status,2, status,0, pclath, cstack
 Tracked objects:
		On entry : 
		On exit  : 
		Unchanged: 
 Data sizes:     COMMON   BANK0   BANK1   BANK3   BANK2
      Params:         1       0       0       0       0
      Locals:         2       0       0       0       0
      Temps:          1       0       0       0       0
      Totals:         4       0       0       0       0
Total ram usage:        4 bytes
 Hardware stack levels used:    1
 Hardware stack levels required when called:    4
 This function calls:
		_Lcd_Cmd
 This function is called by:
		_main
 This function uses a non-reentrant model


 *************** function _Lcd_Init *****************
 Defined at:
		line 80 in file "LCD.c"
 Parameters:    Size  Location     Type
		None
 Auto vars:     Size  Location     Type
		None
 Return value:  Size  Location     Type
                  1    wreg      void 
 Registers used:
		wreg, status,2, status,0, pclath, cstack
 Tracked objects:
		On entry : 
		On exit  : 
		Unchanged: 
 Data sizes:     COMMON   BANK0   BANK1   BANK3   BANK2
      Params:         0       0       0       0       0
      Locals:         0       0       0       0       0
      Temps:          3       0       0       0       0
      Totals:         3       0       0       0       0
Total ram usage:        3 bytes
 Hardware stack levels used:    1
 Hardware stack levels required when called:    4
 This function calls:
		_Lcd_Cmd
		_Lcd_Port
 This function is called by:
		_main
 This function uses a non-reentrant model


 *************** function _Lcd_Clear *****************
 Defined at:
		line 64 in file "LCD.c"
 Parameters:    Size  Location     Type
		None
 Auto vars:     Size  Location     Type
		None
 Return value:  Size  Location     Type
                  1    wreg      void 
 Registers used:
		wreg, status,2, status,0, pclath, cstack
 Tracked objects:
		On entry : 
		On exit  : 
		Unchanged: 
 Data sizes:     COMMON   BANK0   BANK1   BANK3   BANK2
      Params:         0       0       0       0       0
      Locals:         0       0       0       0       0
      Temps:          0       0       0       0       0
      Totals:         0       0       0       0       0
Total ram usage:        0 bytes
 Hardware stack levels used:    1
 Hardware stack levels required when called:    4
 This function calls:
		_Lcd_Cmd
 This function is called by:
		_main
 This function uses a non-reentrant model


 *************** function _Lcd_Cmd *****************
 Defined at:
		line 56 in file "LCD.c"
 Parameters:    Size  Location     Type
  a               1    wreg     unsigned char 
 Auto vars:     Size  Location     Type
  a               1    6[COMMON] unsigned char 
 Return value:  Size  Location     Type
                  1    wreg      void 
 Registers used:
		wreg, status,2, status,0, pclath, cstack
 Tracked objects:
		On entry : 
		On exit  : 
		Unchanged: 
 Data sizes:     COMMON   BANK0   BANK1   BANK3   BANK2
      Params:         0       0       0       0       0
      Locals:         1       0       0       0       0
      Temps:          2       0       0       0       0
      Totals:         3       0       0       0       0
Total ram usage:        3 bytes
 Hardware stack levels used:    1
 Hardware stack levels required when called:    3
 This function calls:
		_Lcd_Port
 This function is called by:
		_Lcd_Clear
		_Lcd_Set_Cursor
		_Lcd_Init
		_Lcd_Shift_Right
		_Lcd_Shift_Left
 This function uses a non-reentrant model


 *************** function _Lcd_Port *****************
 Defined at:
		line 13 in file "LCD.c"
 Parameters:    Size  Location     Type
  a               1    wreg     unsigned char 
 Auto vars:     Size  Location     Type
  a               1    3[COMMON] unsigned char 
 Return value:  Size  Location     Type
                  1    wreg      void 
 Registers used:
		wreg
 Tracked objects:
		On entry : 
		On exit  : 
		Unchanged: 
 Data sizes:     COMMON   BANK0   BANK1   BANK3   BANK2
      Params:         0       0       0       0       0
      Locals:         1       0       0       0       0
      Temps:          0       0       0       0       0
      Totals:         1       0       0       0       0
Total ram usage:        1 bytes
 Hardware stack levels used:    1
 Hardware stack levels required when called:    2
 This function calls:
		Nothing
 This function is called by:
		_Lcd_Cmd
		_Lcd_Init
		_Lcd_Write_Char
 This function uses a non-reentrant model


 *************** function _isr *****************
 Defined at:
		line 89 in file "main.c"
 Parameters:    Size  Location     Type
		None
 Auto vars:     Size  Location     Type
		None
 Return value:  Size  Location     Type
                  1    wreg      void 
 Registers used:
		wreg, status,2, status,0, pclath, cstack
 Tracked objects:
		On entry : 
		On exit  : 
		Unchanged: 
 Data sizes:     COMMON   BANK0   BANK1   BANK3   BANK2
      Params:         0       0       0       0       0
      Locals:         0       0       0       0       0
      Temps:          2       0       0       0       0
      Totals:         2       0       0       0       0
Total ram usage:        2 bytes
 Hardware stack levels used:    1
 Hardware stack levels required when called:    1
 This function calls:
		_int_adc
		_int_uart
 This function is called by:
		Interrupt level 1
 This function uses a non-reentrant model


 *************** function _int_uart *****************
 Defined at:
		line 111 in file "main.c"
 Parameters:    Size  Location     Type
		None
 Auto vars:     Size  Location     Type
		None
 Return value:  Size  Location     Type
                  1    wreg      void 
 Registers used:
		wreg, status,2, status,0
 Tracked objects:
		On entry : 
		On exit  : 
		Unchanged: 
 Data sizes:     COMMON   BANK0   BANK1   BANK3   BANK2
      Params:         0       0       0       0       0
      Locals:         0       0       0       0       0
      Temps:          1       0       0       0       0
      Totals:         1       0       0       0       0
Total ram usage:        1 bytes
 Hardware stack levels used:    1
 This function calls:
		Nothing
 This function is called by:
		_isr
 This function uses a non-reentrant model


 *************** function _int_adc *****************
 Defined at:
		line 99 in file "main.c"
 Parameters:    Size  Location     Type
		None
 Auto vars:     Size  Location     Type
		None
 Return value:  Size  Location     Type
                  1    wreg      void 
 Registers used:
		wreg, status,2, status,0
 Tracked objects:
		On entry : 
		On exit  : 
		Unchanged: 
 Data sizes:     COMMON   BANK0   BANK1   BANK3   BANK2
      Params:         0       0       0       0       0
      Locals:         0       0       0       0       0
      Temps:          1       0       0       0       0
      Totals:         1       0       0       0       0
Total ram usage:        1 bytes
 Hardware stack levels used:    1
 This function calls:
		Nothing
 This function is called by:
		_isr
 This function uses a non-reentrant model



MODULE INFORMATION

Module		Function		Class		Link	Load	Size
C:\Program Files\Microchip\xc8\v2.31\pic\sources\c90\common\flneg.c
		___flneg       		CODE           	199A	0000	11

C:\Program Files\Microchip\xc8\v2.31\pic\sources\c90\common\flneg.c estimated size: 11

C:\Program Files\Microchip\xc8\v2.31\pic\sources\c90\common\flge.c
		___flge        		CODE           	1EA0	0000	164

C:\Program Files\Microchip\xc8\v2.31\pic\sources\c90\common\flge.c estimated size: 164

C:\Program Files\Microchip\xc8\v2.31\pic\sources\c90\common\sprcmul.c
		___flmul       		CODE           	093C	0000	865

C:\Program Files\Microchip\xc8\v2.31\pic\sources\c90\common\sprcmul.c estimated size: 865

C:\Program Files\Microchip\xc8\v2.31\pic\sources\c90\common\__lldiv.c
		___lldiv       		CODE           	1D53	0000	104

C:\Program Files\Microchip\xc8\v2.31\pic\sources\c90\common\__lldiv.c estimated size: 104

C:\Program Files\Microchip\xc8\v2.31\pic\sources\c90\common\Umul8_16.c
		__Umul8_16     		CODE           	0806	0000	41

C:\Program Files\Microchip\xc8\v2.31\pic\sources\c90\common\Umul8_16.c estimated size: 41

C:\Program Files\Microchip\xc8\v2.31\pic\sources\c90\common\doprnt.c
		_scale         		CODE           	0C9D	0000	867
		_sprintf       		CODE           	14FC	0000	2176
		_fround        		CODE           	05A1	0000	525

C:\Program Files\Microchip\xc8\v2.31\pic\sources\c90\common\doprnt.c estimated size: 3568

C:\Program Files\Microchip\xc8\v2.31\pic\sources\c90\common\ftdivl.c
		__tdiv_to_l_   		CODE           	10F9	0000	189

C:\Program Files\Microchip\xc8\v2.31\pic\sources\c90\common\ftdivl.c estimated size: 189

C:\Program Files\Microchip\xc8\v2.31\pic\sources\c90\common\lwmod.c
		___lwmod       		CODE           	1AC6	0000	58

C:\Program Files\Microchip\xc8\v2.31\pic\sources\c90\common\lwmod.c estimated size: 58

C:\Program Files\Microchip\xc8\v2.31\pic\sources\c90\common\awmod.c
		___awmod       		CODE           	1CFA	0000	89

C:\Program Files\Microchip\xc8\v2.31\pic\sources\c90\common\awmod.c estimated size: 89

C:\Program Files\Microchip\xc8\v2.31\pic\sources\c90\common\Umul16.c
		___wmul        		CODE           	10D4	0000	37

C:\Program Files\Microchip\xc8\v2.31\pic\sources\c90\common\Umul16.c estimated size: 37

C:\Program Files\Microchip\xc8\v2.31\pic\sources\c90\common\llmod.c
		___llmod       		CODE           	1CA4	0000	86

C:\Program Files\Microchip\xc8\v2.31\pic\sources\c90\common\llmod.c estimated size: 86

C:\Program Files\Microchip\xc8\v2.31\pic\sources\c90\common\isdigit.c
		_isdigit       		CODE           	19A5	0000	18

C:\Program Files\Microchip\xc8\v2.31\pic\sources\c90\common\isdigit.c estimated size: 18

C:\Program Files\Microchip\xc8\v2.31\pic\sources\c90\common\sprcadd.c
		___flsub       		CODE           	07AE	0000	80
		___fladd       		CODE           	1274	0000	648

C:\Program Files\Microchip\xc8\v2.31\pic\sources\c90\common\sprcadd.c estimated size: 728

C:\Program Files\Microchip\xc8\v2.31\pic\sources\c90\common\fleq.c
		___fleq        		CODE           	1C54	0000	80

C:\Program Files\Microchip\xc8\v2.31\pic\sources\c90\common\fleq.c estimated size: 80

C:\Program Files\Microchip\xc8\v2.31\pic\sources\c90\common\fldivl.c
		__div_to_l_    		CODE           	11B6	0000	190

C:\Program Files\Microchip\xc8\v2.31\pic\sources\c90\common\fldivl.c estimated size: 190

C:\Program Files\Microchip\xc8\v2.31\pic\sources\c90\common\lwdiv.c
		___lwdiv       		CODE           	1BC4	0000	70

C:\Program Files\Microchip\xc8\v2.31\pic\sources\c90\common\lwdiv.c estimated size: 70

C:\Program Files\Microchip\xc8\v2.31\pic\sources\c90\common\awdiv.c
		___awdiv       		CODE           	1DBB	0000	105

C:\Program Files\Microchip\xc8\v2.31\pic\sources\c90\common\awdiv.c estimated size: 105

shared
		__stringtab    		STRING         	1000	0000	16
		__powers_      		STRING         	1010	0000	52
		_dpowers       		STRING         	1078	0000	40
		__npowers_     		STRING         	1044	0000	52
		__initialization		CODE           	000F	0000	18

shared estimated size: 178

C:\Program Files\Microchip\xc8\v2.31\pic\sources\c90\common\fltol.c
		___fltol       		CODE           	1E24	0000	124

C:\Program Files\Microchip\xc8\v2.31\pic\sources\c90\common\fltol.c estimated size: 124

C:\Program Files\Microchip\xc8\v2.31\pic\sources\c90\common\xxtofl.c
		___xxtofl      		CODE           	1F44	0000	188

C:\Program Files\Microchip\xc8\v2.31\pic\sources\c90\common\xxtofl.c estimated size: 188

main.c
		_cfg_adc       		CODE           	19DF	0000	22
		_cfg_io        		CODE           	19B7	0000	19
		_main          		CODE           	082F	0000	269
		_cfg_usart     		CODE           	19CA	0000	21
		_conv          		CODE           	1B3E	0000	64
		_isr           		CODE           	1A46	0000	29
		_cfg_inte      		CODE           	1986	0000	10
		_send_crct     		CODE           	1A81	0000	33
		_int_uart      		CODE           	1A63	0000	30
		_cfg_clk       		CODE           	1976	0000	8
		_send_char     		CODE           	1990	0000	10
		_int_adc       		CODE           	1A2A	0000	28

main.c estimated size: 543

LCD.c
		_Lcd_Write_String		CODE           	1B7E	0000	70
		_Lcd_Init      		CODE           	1C0A	0000	74
		_Lcd_Write_Char		CODE           	1A0F	0000	27
		_Lcd_Cmd       		CODE           	19F5	0000	26
		_Lcd_Set_Cursor		CODE           	1AA2	0000	36
		_Lcd_Clear     		CODE           	10C7	0000	13
		_Lcd_Port      		CODE           	1B00	0000	62

LCD.c estimated size: 308

